Basic Sparc Event
-------------------
A Sparc alert is a notification that one or more events of significance have
occured.  An alert is also a Sparc entity.

First, let configure ZCA
>>> from sparc.event import Configure
>>> Configure()

We'll test a simple alert creation.  First we create a related event
>>> from zope.component import createObject
>>> from datetime import datetime
>>> kwargs = {
... 			'id': '12345',
...				'name': u'A event',
...				'description': u'A event description',
...				'datetime': datetime(2016, 1, 1)
...				}
>>> my_event = createObject(u'sparc.event.event', **kwargs)

Now we can create an alert from this event.  Among other things, we need to 
provide the alert's source system via sparc.asset.system.ISystem.  
>>> kwargs = {
...				'id': '23456',
...				'name': u'A alert',
...				'description': u'An alert description',
...				'datetime': datetime(2016, 1, 1),
...				'events': [my_event],
...				'severity': 'medium',
...             'system': 'my system' # bad value
...				}
>>> from zope.schema import ValidationError
>>> try:
...     my_alert = createObject(u'sparc.event.alert', **kwargs)
...     assert False
... except ValidationError:
...     pass

before creating and alert, we also need to define the alert source system types
within a vocab (requirement of sparc.asset.system.ISystem)
>>> from sparc.asset.system.tests import register_system_types_vocab_from_values
>>> register_system_types_vocab_from_values(['test_app'])

Ok, now lets create and add a valid system
>>> kwargs['system'] = createObject(u'sparc.asset.system', 
... 											id='abcd', 
... 											name=u'a name',
... 											type='test_app')
>>> my_alert = createObject(u'sparc.event.alert', **kwargs)

>>> my_alert.getId()
'23456'
>>> my_alert.name
u'A alert'
>>> my_alert.description
u'An alert description'
>>> my_alert.datetime
datetime.datetime(2016, 1, 1, 0, 0)
>>> list(my_alert.events())[0].getId()
'12345'
>>> my_alert.severity
'medium'
>>> my_alert.system.name
u'a name'


